node.exe : ΓÇó turbo 2.10.5
At C:\Users\Uroozakhan Inamdar\AppData\Roaming\npm\pnpm.ps1:24 char:5
+     & "node$exe"  "$basedir/node_modules/pnpm/bin/pnpm.cjs" $args
+     ~~~~~~~~~~~~~~~~~~~~~~~~~~~~~~~~~~~~~~~~~~~~~~~~~~~~~~~~~~~~~
    + CategoryInfo          : NotSpecified: (ΓÇó turbo 2.10.5:String) [], RemoteException
    + FullyQualifiedErrorId : NativeCommandError
 

   ΓÇó Packages in scope: api
   ΓÇó Running test in 1 packages
   ΓÇó Remote caching disabled

api:test: cache miss, executing ce81cf62547cb5ed
api:test: 
api:test: > api@0.0.1 test E:\JEST TECH\JEST POLICY\jest-policy-crm\apps\api
api:test: > jest
api:test: 
api:test: PASS src/modules/business-intelligence/tests/bi.service.spec.ts
api:test: PASS src/modules/platform/reporting/tests/report-builder.service.spec.ts
api:test: PASS src/modules/bi/dashboards/services/dashboard-analytics/dashboard-analytics.service.spec.ts
api:test: PASS src/modules/leads/routing/services/lead-routing-engine/lead-routing-engine.service.spec.ts
api:test: PASS src/modules/warehouse/tests/warehouse.service.spec.ts
api:test: PASS src/modules/motor-admin/tests/rating-engine.service.spec.ts
api:test: FAIL src/modules/platform/workflow/services/workflow-engine.service.spec.ts
api:test:   ΓùÅ WorkflowEngineService ΓÇ║ should transition entity state when valid
api:test: 
api:test:     Nest can't resolve dependencies of the WorkflowEngineService (PrismaService, WorkflowAdapterRegistry, WorkflowStateMachine, EventEmitter, AuditService, ?). Please make sure that the argument "QUEUE_PROVIDER_TOKEN" at index [5] is available in the RootTestModule module.
api:test: 
api:test:     Potential solutions:
api:test:     - Is RootTestModule a valid NestJS module?
api:test:     - If "QUEUE_PROVIDER_TOKEN" is a provider, is it part of the current RootTestModule?
api:test:     - If "QUEUE_PROVIDER_TOKEN" is exported from a separate @Module, is that module imported within RootTestModule?
api:test:       @Module({
api:test:         imports: [ /* the Module containing "QUEUE_PROVIDER_TOKEN" */ ]
api:test:       })
api:test: 
api:test:     For more common dependency resolution issues, see: https://docs.nestjs.com/faq/common-errors
api:test: 
api:test:     [0m [90m 56 |[39m
api:test:      [90m 57 |[39m   beforeEach([36masync[39m () [33m=>[39m {
api:test:     [31m[1m>[22m[39m[90m 58 |[39m     [36mconst[39m module[33m:[39m [33mTestingModule[39m [33m=[39m [36mawait[39m [33mTest[39m[33m.[39mcreateTestingModule({
api:test:      [90m    |[39m                                   [31m[1m^[22m[39m
api:test:      [90m 59 |[39m       providers[33m:[39m [
api:test:      [90m 60 |[39m         [33mWorkflowEngineService[39m[33m,[39m
api:test:      [90m 61 |[39m         { provide[33m:[39m [33mPrismaService[39m[33m,[39m useValue[33m:[39m mockPrisma }[33m,[39m[0m
api:test: 
api:test:       at TestingInjector.lookupComponentInParentModules (../../../node_modules/.pnpm/@nestjs+core@11.1.28_@nestj_68e0b03b87639797ffd703cc1293c4af/node_modules/@nestjs/core/injector/injector.js:300:19)
api:test:           at async Promise.all (index 5)
api:test:           at async Promise.all (index 3)
api:test:           at async Promise.all (index 1)
api:test:       at Object.<anonymous> (modules/platform/workflow/services/workflow-engine.service.spec.ts:58:35)
api:test: 
api:test:   ΓùÅ WorkflowEngineService ΓÇ║ should throw BadRequestException if current state does not match fromState
api:test: 
api:test:     Nest can't resolve dependencies of the WorkflowEngineService (PrismaService, WorkflowAdapterRegistry, WorkflowStateMachine, EventEmitter, AuditService, ?). Please make sure that the argument "QUEUE_PROVIDER_TOKEN" at index [5] is available in the RootTestModule module.
api:test: 
api:test:     Potential solutions:
api:test:     - Is RootTestModule a valid NestJS module?
api:test:     - If "QUEUE_PROVIDER_TOKEN" is a provider, is it part of the current RootTestModule?
api:test:     - If "QUEUE_PROVIDER_TOKEN" is exported from a separate @Module, is that module imported within RootTestModule?
api:test:       @Module({
api:test:         imports: [ /* the Module containing "QUEUE_PROVIDER_TOKEN" */ ]
api:test:       })
api:test: 
api:test:     For more common dependency resolution issues, see: https://docs.nestjs.com/faq/common-errors
api:test: 
api:test:     [0m [90m 56 |[39m
api:test:      [90m 57 |[39m   beforeEach([36masync[39m () [33m=>[39m {
api:test:     [31m[1m>[22m[39m[90m 58 |[39m     [36mconst[39m module[33m:[39m [33mTestingModule[39m [33m=[39m [36mawait[39m [33mTest[39m[33m.[39mcreateTestingModule({
api:test:      [90m    |[39m                                   [31m[1m^[22m[39m
api:test:      [90m 59 |[39m       providers[33m:[39m [
api:test:      [90m 60 |[39m         [33mWorkflowEngineService[39m[33m,[39m
api:test:      [90m 61 |[39m         { provide[33m:[39m [33mPrismaService[39m[33m,[39m useValue[33m:[39m mockPrisma }[33m,[39m[0m
api:test: 
api:test:       at TestingInjector.lookupComponentInParentModules (../../../node_modules/.pnpm/@nestjs+core@11.1.28_@nestj_68e0b03b87639797ffd703cc1293c4af/node_modules/@nestjs/core/injector/injector.js:300:19)
api:test:           at async Promise.all (index 5)
api:test:           at async Promise.all (index 3)
api:test:           at async Promise.all (index 1)
api:test:       at Object.<anonymous> (modules/platform/workflow/services/workflow-engine.service.spec.ts:58:35)
api:test: 
api:test: FAIL src/modules/auth/services/auth.service.spec.ts
api:test:   ΓùÅ AuthService ΓÇ║ login ΓÇ║ should throw UnauthorizedException when password is invalid
api:test: 
api:test:     expect(received).rejects.toThrow(expected)
api:test: 
api:test:     Expected constructor: UnauthorizedException
api:test:     Received constructor: TypeError
api:test: 
api:test:     Received message: "Cannot read properties of undefined (reading 'byteLength')"
api:test: 
api:test:         [0m [90m 26 |[39m
api:test:          [90m 27 |[39m     [90m// ΓöÇΓöÇ 2. Verify password ΓöÇΓöÇΓöÇΓöÇΓöÇΓöÇΓöÇΓöÇΓöÇΓöÇΓöÇΓöÇΓöÇΓöÇΓöÇΓöÇΓöÇΓöÇΓöÇΓöÇΓöÇΓöÇΓöÇΓöÇΓöÇΓöÇΓöÇΓöÇΓöÇΓöÇΓöÇΓöÇΓöÇΓöÇΓöÇΓöÇΓöÇΓöÇΓöÇΓöÇΓöÇΓöÇΓöÇΓöÇΓöÇΓöÇΓöÇΓöÇΓöÇΓöÇΓöÇ[39m
api:test:         [31m[1m>[22m[39m[90m 28 |[39m     [36mconst[39m passwordValid [33m=[39m [36mawait[39m argon2[33m.[39mverify(user[33m.[39mpasswordHash[33m,[39m dto[33m.[39mpassword)[33m;[39m
api:test:          [90m    |[39m                                        [31m[1m^[22m[39m
api:test:          [90m 29 |[39m
api:test:          [90m 30 |[39m     [36mif[39m ([33m![39mpasswordValid) {
api:test:          [90m 31 |[39m       [36mthrow[39m [36mnew[39m [33mUnauthorizedException[39m([32m'Invalid email or password'[39m)[33m;[39m[0m
api:test: 
api:test:       at Object.verify (../../../node_modules/.pnpm/argon2@0.44.0/node_modules/argon2/argon2.cjs:186:24)
api:test:       at AuthService.login (modules/auth/services/auth.service.ts:28:40)
api:test:       at Object.<anonymous> (modules/auth/services/auth.service.spec.ts:74:7)
api:test:       at Object.<anonymous> (modules/auth/services/auth.service.spec.ts:76:17)
api:test: 
api:test: PASS src/modules/platform/notifications/tests/notifications.controller.spec.ts
api:test: PASS src/modules/proposal/tests/proposals.controller.spec.ts
api:test: FAIL src/modules/dashboard/tests/dashboard.controller.spec.ts
api:test:   ΓùÅ DashboardController ΓÇ║ Dashboard Fetching ΓÇ║ should return role-specific dashboard data for the active user
api:test: 
api:test:     Nest can't resolve dependencies of the CacheInterceptor (?, Reflector). Please make sure that the argument "CACHE_MANAGER" at index [0] is available in the RootTestModule module.
api:test: 
api:test:     Potential solutions:
api:test:     - Is RootTestModule a valid NestJS module?
api:test:     - If "CACHE_MANAGER" is a provider, is it part of the current RootTestModule?
api:test:     - If "CACHE_MANAGER" is exported from a separate @Module, is that module imported within RootTestModule?
api:test:       @Module({
api:test:         imports: [ /* the Module containing "CACHE_MANAGER" */ ]
api:test:       })
api:test: 
api:test:     For more common dependency resolution issues, see: https://docs.nestjs.com/faq/common-errors
api:test: 
api:test:     [0m [90m 41 |[39m
api:test:      [90m 42 |[39m   beforeEach([36masync[39m () [33m=>[39m {
api:test:     [31m[1m>[22m[39m[90m 43 |[39m     [36mconst[39m module[33m:[39m [33mTestingModule[39m [33m=[39m [36mawait[39m [33mTest[39m[33m.[39mcreateTestingModule({
api:test:      [90m    |[39m                                   [31m[1m^[22m[39m
api:test:      [90m 44 |[39m       controllers[33m:[39m [[33mDashboardController[39m][33m,[39m
api:test:      [90m 45 |[39m       providers[33m:[39m [
api:test:      [90m 46 |[39m         {[0m
api:test: 
api:test:       at TestingInjector.lookupComponentInParentModules (../../../node_modules/.pnpm/@nestjs+core@11.1.28_@nestj_68e0b03b87639797ffd703cc1293c4af/node_modules/@nestjs/core/injector/injector.js:300:19)
api:test:           at async Promise.all (index 0)
api:test:           at async Promise.all (index 2)
api:test:           at async Promise.all (index 1)
api:test:       at Object.<anonymous> (modules/dashboard/tests/dashboard.controller.spec.ts:43:35)
api:test: 
api:test:   ΓùÅ DashboardController ΓÇ║ Dashboard Fetching ΓÇ║ should return super-admin dashboard data
api:test: 
api:test:     Nest can't resolve dependencies of the CacheInterceptor (?, Reflector). Please make sure that the argument "CACHE_MANAGER" at index [0] is available in the RootTestModule module.
api:test: 
api:test:     Potential solutions:
api:test:     - Is RootTestModule a valid NestJS module?
api:test:     - If "CACHE_MANAGER" is a provider, is it part of the current RootTestModule?
api:test:     - If "CACHE_MANAGER" is exported from a separate @Module, is that module imported within RootTestModule?
api:test:       @Module({
api:test:         imports: [ /* the Module containing "CACHE_MANAGER" */ ]
api:test:       })
api:test: 
api:test:     For more common dependency resolution issues, see: https://docs.nestjs.com/faq/common-errors
api:test: 
api:test:     [0m [90m 41 |[39m
api:test:      [90m 42 |[39m   beforeEach([36masync[39m () [33m=>[39m {
api:test:     [31m[1m>[22m[39m[90m 43 |[39m     [36mconst[39m module[33m:[39m [33mTestingModule[39m [33m=[39m [36mawait[39m [33mTest[39m[33m.[39mcreateTestingModule({
api:test:      [90m    |[39m                                   [31m[1m^[22m[39m
api:test:      [90m 44 |[39m       controllers[33m:[39m [[33mDashboardController[39m][33m,[39m
api:test:      [90m 45 |[39m       providers[33m:[39m [
api:test:      [90m 46 |[39m         {[0m
api:test: 
api:test:       at TestingInjector.lookupComponentInParentModules (../../../node_modules/.pnpm/@nestjs+core@11.1.28_@nestj_68e0b03b87639797ffd703cc1293c4af/node_modules/@nestjs/core/injector/injector.js:300:19)
api:test:           at async Promise.all (index 0)
api:test:           at async Promise.all (index 2)
api:test:           at async Promise.all (index 1)
api:test:       at Object.<anonymous> (modules/dashboard/tests/dashboard.controller.spec.ts:43:35)
api:test: 
api:test: PASS src/modules/bi/data-warehouse/services/etl/etl.service.spec.ts
api:test: PASS src/modules/documents/tests/documents.controller.spec.ts
api:test: PASS src/modules/administration/services/system-config/system-config.service.spec.ts
api:test: PASS src/modules/finance/revenue/services/payment/payment.service.spec.ts
api:test: PASS src/modules/platform/integrations/webhooks/controllers/webhook-gateway/webhook-gateway.controller.spec.ts
api:test: PASS src/modules/customer/communication/services/communication/communication.service.spec.ts
api:test: [31m[Nest] 4916  - [39m21/07/2026, 12:23:35 am [31m  ERROR[39m [38;5;3m[IntegrationHttpClient] [39m[31mHTTP GET http://fail.com failed[39m
api:test: Network Error
api:test: PASS src/modules/customer/analytics/services/customer-analytics-cron/customer-analytics-cron.service.spec.ts
api:test: PASS src/modules/platform/integrations/core/services/integration-http/integration-http.service.spec.ts
api:test: PASS src/modules/policies/tests/policies.controller.spec.ts
api:test: FAIL src/modules/quotation/tests/quotation.controller.spec.ts
api:test:   ΓùÅ QuotationController ΓÇ║ Happy Path ΓÇ║ should find one quotation
api:test: 
api:test:     expect(jest.fn()).toHaveBeenCalledWith(...expected)
api:test: 
api:test:     Expected: "quote-123"
api:test:     Received: "quote-123", undefined
api:test: 
api:test:     Number of calls: 1
api:test: 
api:test:     [0m [90m 157 |[39m       [36mconst[39m result [33m=[39m [36mawait[39m controller[33m.[39mfindOne([32m'quote-123'[39m)[33m;[39m
api:test:      [90m 158 |[39m       expect(result)[33m.[39mtoEqual(mockQuotationResponse)[33m;[39m
api:test:     [31m[1m>[22m[39m[90m 159 |[39m       expect(getService[33m.[39mexecuteOne)[33m.[39mtoHaveBeenCalledWith([32m'quote-123'[39m)[33m;[39m
api:test:      [90m     |[39m                                     [31m[1m^[22m[39m
api:test:      [90m 160 |[39m     })[33m;[39m
api:test:      [90m 161 |[39m
api:test:      [90m 162 |[39m     it([32m'should approve a quotation'[39m[33m,[39m [36masync[39m () [33m=>[39m {[0m
api:test: 
api:test:       at Object.<anonymous> (modules/quotation/tests/quotation.controller.spec.ts:159:37)
api:test: 
api:test: PASS src/modules/claims/tests/claims.controller.spec.ts
api:test: PASS src/modules/bi/forecasting/services/statistical-prediction/statistical-prediction.service.spec.ts
api:test: PASS src/modules/finance/accounting/services/ledger/ledger.service.spec.ts
api:test: PASS src/modules/administration/services/numbering-engine/numbering-engine.service.spec.ts
api:test: PASS src/modules/finance/commission/services/commission-engine/commission-engine.service.spec.ts
api:test: PASS src/modules/leads/deduplication/services/duplicate-detection/duplicate-detection.service.spec.ts
api:test: PASS src/modules/platform/integrations/core/services/provider-registry/provider-registry.service.spec.ts
api:test: PASS src/app.controller.spec.ts
api:test: PASS src/modules/customer/customer-360/services/customer-360/customer-360.service.spec.ts
api:test: PASS src/modules/leads/controllers/leads.controller.spec.ts
api:test: 
api:test: Summary of all failing tests
api:test: FAIL modules/platform/workflow/services/workflow-engine.service.spec.ts
api:test:   ΓùÅ WorkflowEngineService ΓÇ║ should transition entity state when valid
api:test: 
api:test:     Nest can't resolve dependencies of the WorkflowEngineService (PrismaService, WorkflowAdapterRegistry, WorkflowStateMachine, EventEmitter, AuditService, ?). Please make sure that the argument "QUEUE_PROVIDER_TOKEN" at index [5] is available in the RootTestModule module.
api:test: 
api:test:     Potential solutions:
api:test:     - Is RootTestModule a valid NestJS module?
api:test:     - If "QUEUE_PROVIDER_TOKEN" is a provider, is it part of the current RootTestModule?
api:test:     - If "QUEUE_PROVIDER_TOKEN" is exported from a separate @Module, is that module imported within RootTestModule?
api:test:       @Module({
api:test:         imports: [ /* the Module containing "QUEUE_PROVIDER_TOKEN" */ ]
api:test:       })
api:test: 
api:test:     For more common dependency resolution issues, see: https://docs.nestjs.com/faq/common-errors
api:test: 
api:test:     [0m [90m 56 |[39m
api:test:      [90m 57 |[39m   beforeEach([36masync[39m () [33m=>[39m {
api:test:     [31m[1m>[22m[39m[90m 58 |[39m     [36mconst[39m module[33m:[39m [33mTestingModule[39m [33m=[39m [36mawait[39m [33mTest[39m[33m.[39mcreateTestingModule({
api:test:      [90m    |[39m                                   [31m[1m^[22m[39m
api:test:      [90m 59 |[39m       providers[33m:[39m [
api:test:      [90m 60 |[39m         [33mWorkflowEngineService[39m[33m,[39m
api:test:      [90m 61 |[39m         { provide[33m:[39m [33mPrismaService[39m[33m,[39m useValue[33m:[39m mockPrisma }[33m,[39m[0m
api:test: 
api:test:       at TestingInjector.lookupComponentInParentModules (../../../node_modules/.pnpm/@nestjs+core@11.1.28_@nestj_68e0b03b87639797ffd703cc1293c4af/node_modules/@nestjs/core/injector/injector.js:300:19)
api:test:           at async Promise.all (index 5)
api:test:           at async Promise.all (index 3)
api:test:           at async Promise.all (index 1)
api:test:       at Object.<anonymous> (modules/platform/workflow/services/workflow-engine.service.spec.ts:58:35)
api:test: 
api:test:   ΓùÅ WorkflowEngineService ΓÇ║ should throw BadRequestException if current state does not match fromState
api:test: 
api:test:     Nest can't resolve dependencies of the WorkflowEngineService (PrismaService, WorkflowAdapterRegistry, WorkflowStateMachine, EventEmitter, AuditService, ?). Please make sure that the argument "QUEUE_PROVIDER_TOKEN" at index [5] is available in the RootTestModule module.
api:test: 
api:test:     Potential solutions:
api:test:     - Is RootTestModule a valid NestJS module?
api:test:     - If "QUEUE_PROVIDER_TOKEN" is a provider, is it part of the current RootTestModule?
api:test:     - If "QUEUE_PROVIDER_TOKEN" is exported from a separate @Module, is that module imported within RootTestModule?
api:test:       @Module({
api:test:         imports: [ /* the Module containing "QUEUE_PROVIDER_TOKEN" */ ]
api:test:       })
api:test: 
api:test:     For more common dependency resolution issues, see: https://docs.nestjs.com/faq/common-errors
api:test: 
api:test:     [0m [90m 56 |[39m
api:test:      [90m 57 |[39m   beforeEach([36masync[39m () [33m=>[39m {
api:test:     [31m[1m>[22m[39m[90m 58 |[39m     [36mconst[39m module[33m:[39m [33mTestingModule[39m [33m=[39m [36mawait[39m [33mTest[39m[33m.[39mcreateTestingModule({
api:test:      [90m    |[39m                                   [31m[1m^[22m[39m
api:test:      [90m 59 |[39m       providers[33m:[39m [
api:test:      [90m 60 |[39m         [33mWorkflowEngineService[39m[33m,[39m
api:test:      [90m 61 |[39m         { provide[33m:[39m [33mPrismaService[39m[33m,[39m useValue[33m:[39m mockPrisma }[33m,[39m[0m
api:test: 
api:test:       at TestingInjector.lookupComponentInParentModules (../../../node_modules/.pnpm/@nestjs+core@11.1.28_@nestj_68e0b03b87639797ffd703cc1293c4af/node_modules/@nestjs/core/injector/injector.js:300:19)
api:test:           at async Promise.all (index 5)
api:test:           at async Promise.all (index 3)
api:test:           at async Promise.all (index 1)
api:test:       at Object.<anonymous> (modules/platform/workflow/services/workflow-engine.service.spec.ts:58:35)
api:test: 
api:test: FAIL modules/auth/services/auth.service.spec.ts
api:test:   ΓùÅ AuthService ΓÇ║ login ΓÇ║ should throw UnauthorizedException when password is invalid
api:test: 
api:test:     expect(received).rejects.toThrow(expected)
api:test: 
api:test:     Expected constructor: UnauthorizedException
api:test:     Received constructor: TypeError
api:test: 
api:test:     Received message: "Cannot read properties of undefined (reading 'byteLength')"
api:test: 
api:test:         [0m [90m 26 |[39m
api:test:          [90m 27 |[39m     [90m// ΓöÇΓöÇ 2. Verify password ΓöÇΓöÇΓöÇΓöÇΓöÇΓöÇΓöÇΓöÇΓöÇΓöÇΓöÇΓöÇΓöÇΓöÇΓöÇΓöÇΓöÇΓöÇΓöÇΓöÇΓöÇΓöÇΓöÇΓöÇΓöÇΓöÇΓöÇΓöÇΓöÇΓöÇΓöÇΓöÇΓöÇΓöÇΓöÇΓöÇΓöÇΓöÇΓöÇΓöÇΓöÇΓöÇΓöÇΓöÇΓöÇΓöÇΓöÇΓöÇΓöÇΓöÇΓöÇ[39m
api:test:         [31m[1m>[22m[39m[90m 28 |[39m     [36mconst[39m passwordValid [33m=[39m [36mawait[39m argon2[33m.[39mverify(user[33m.[39mpasswordHash[33m,[39m dto[33m.[39mpassword)[33m;[39m
api:test:          [90m    |[39m                                        [31m[1m^[22m[39m
api:test:          [90m 29 |[39m
api:test:          [90m 30 |[39m     [36mif[39m ([33m![39mpasswordValid) {
api:test:          [90m 31 |[39m       [36mthrow[39m [36mnew[39m [33mUnauthorizedException[39m([32m'Invalid email or password'[39m)[33m;[39m[0m
api:test: 
api:test:       at Object.verify (../../../node_modules/.pnpm/argon2@0.44.0/node_modules/argon2/argon2.cjs:186:24)
api:test:       at AuthService.login (modules/auth/services/auth.service.ts:28:40)
api:test:       at Object.<anonymous> (modules/auth/services/auth.service.spec.ts:74:7)
api:test:       at Object.<anonymous> (modules/auth/services/auth.service.spec.ts:76:17)
api:test: 
api:test: FAIL modules/dashboard/tests/dashboard.controller.spec.ts
api:test:   ΓùÅ DashboardController ΓÇ║ Dashboard Fetching ΓÇ║ should return role-specific dashboard data for the active user
api:test: 
api:test:     Nest can't resolve dependencies of the CacheInterceptor (?, Reflector). Please make sure that the argument "CACHE_MANAGER" at index [0] is available in the RootTestModule module.
api:test: 
api:test:     Potential solutions:
api:test:     - Is RootTestModule a valid NestJS module?
api:test:     - If "CACHE_MANAGER" is a provider, is it part of the current RootTestModule?
api:test:     - If "CACHE_MANAGER" is exported from a separate @Module, is that module imported within RootTestModule?
api:test:       @Module({
api:test:         imports: [ /* the Module containing "CACHE_MANAGER" */ ]
api:test:       })
api:test: 
api:test:     For more common dependency resolution issues, see: https://docs.nestjs.com/faq/common-errors
api:test: 
api:test:     [0m [90m 41 |[39m
api:test:      [90m 42 |[39m   beforeEach([36masync[39m () [33m=>[39m {
api:test:     [31m[1m>[22m[39m[90m 43 |[39m     [36mconst[39m module[33m:[39m [33mTestingModule[39m [33m=[39m [36mawait[39m [33mTest[39m[33m.[39mcreateTestingModule({
api:test:      [90m    |[39m                                   [31m[1m^[22m[39m
api:test:      [90m 44 |[39m       controllers[33m:[39m [[33mDashboardController[39m][33m,[39m
api:test:      [90m 45 |[39m       providers[33m:[39m [
api:test:      [90m 46 |[39m         {[0m
api:test: 
api:test:       at TestingInjector.lookupComponentInParentModules (../../../node_modules/.pnpm/@nestjs+core@11.1.28_@nestj_68e0b03b87639797ffd703cc1293c4af/node_modules/@nestjs/core/injector/injector.js:300:19)
api:test:           at async Promise.all (index 0)
api:test:           at async Promise.all (index 2)
api:test:           at async Promise.all (index 1)
api:test:       at Object.<anonymous> (modules/dashboard/tests/dashboard.controller.spec.ts:43:35)
api:test: 
api:test:   ΓùÅ DashboardController ΓÇ║ Dashboard Fetching ΓÇ║ should return super-admin dashboard data
api:test: 
api:test:     Nest can't resolve dependencies of the CacheInterceptor (?, Reflector). Please make sure that the argument "CACHE_MANAGER" at index [0] is available in the RootTestModule module.
api:test: 
api:test:     Potential solutions:
api:test:     - Is RootTestModule a valid NestJS module?
api:test:     - If "CACHE_MANAGER" is a provider, is it part of the current RootTestModule?
api:test:     - If "CACHE_MANAGER" is exported from a separate @Module, is that module imported within RootTestModule?
api:test:       @Module({
api:test:         imports: [ /* the Module containing "CACHE_MANAGER" */ ]
api:test:       })
api:test: 
api:test:     For more common dependency resolution issues, see: https://docs.nestjs.com/faq/common-errors
api:test: 
api:test:     [0m [90m 41 |[39m
api:test:      [90m 42 |[39m   beforeEach([36masync[39m () [33m=>[39m {
api:test:     [31m[1m>[22m[39m[90m 43 |[39m     [36mconst[39m module[33m:[39m [33mTestingModule[39m [33m=[39m [36mawait[39m [33mTest[39m[33m.[39mcreateTestingModule({
api:test:      [90m    |[39m                                   [31m[1m^[22m[39m
api:test:      [90m 44 |[39m       controllers[33m:[39m [[33mDashboardController[39m][33m,[39m
api:test:      [90m 45 |[39m       providers[33m:[39m [
api:test:      [90m 46 |[39m         {[0m
api:test: 
api:test:       at TestingInjector.lookupComponentInParentModules (../../../node_modules/.pnpm/@nestjs+core@11.1.28_@nestj_68e0b03b87639797ffd703cc1293c4af/node_modules/@nestjs/core/injector/injector.js:300:19)
api:test:           at async Promise.all (index 0)
api:test:           at async Promise.all (index 2)
api:test:           at async Promise.all (index 1)
api:test:       at Object.<anonymous> (modules/dashboard/tests/dashboard.controller.spec.ts:43:35)
api:test: 
api:test: FAIL modules/quotation/tests/quotation.controller.spec.ts
api:test:   ΓùÅ QuotationController ΓÇ║ Happy Path ΓÇ║ should find one quotation
api:test: 
api:test:     expect(jest.fn()).toHaveBeenCalledWith(...expected)
api:test: 
api:test:     Expected: "quote-123"
api:test:     Received: "quote-123", undefined
api:test: 
api:test:     Number of calls: 1
api:test: 
api:test:     [0m [90m 157 |[39m       [36mconst[39m result [33m=[39m [36mawait[39m controller[33m.[39mfindOne([32m'quote-123'[39m)[33m;[39m
api:test:      [90m 158 |[39m       expect(result)[33m.[39mtoEqual(mockQuotationResponse)[33m;[39m
api:test:     [31m[1m>[22m[39m[90m 159 |[39m       expect(getService[33m.[39mexecuteOne)[33m.[39mtoHaveBeenCalledWith([32m'quote-123'[39m)[33m;[39m
api:test:      [90m     |[39m                                     [31m[1m^[22m[39m
api:test:      [90m 160 |[39m     })[33m;[39m
api:test:      [90m 161 |[39m
api:test:      [90m 162 |[39m     it([32m'should approve a quotation'[39m[33m,[39m [36masync[39m () [33m=>[39m {[0m
api:test: 
api:test:       at Object.<anonymous> (modules/quotation/tests/quotation.controller.spec.ts:159:37)
api:test: 
api:test: 
api:test: Test Suites: 4 failed, 27 passed, 31 total
api:test: Tests:       6 failed, 101 passed, 107 total
api:test: Snapshots:   0 total
api:test: Time:        6.341 s
api:test: Ran all test suites.
api:test: ΓÇëELIFECYCLEΓÇë Test failed. See above for more details.
api#test:  ERROR  command (E:\JEST TECH\JEST POLICY\jest-policy-crm\apps\api) C:\Users\Uroozakhan 
Inamdar\AppData\Roaming\npm\pnpm.cmd run test exited (1)

 Tasks:    0 successful, 1 total
Cached:    0 cached, 1 total
  Time:    7.929s 
Failed:    api#test

 ERROR  run failed: command  exited (1)
